node.exe : npm warn Unknown env config "devdir". This will stop working in the next major version of npm. See `npm 
help npmrc` for supported config options.
At line:1 char:1
+ & "C:\Program Files\nodejs/node.exe" "C:\Program Files\nodejs/node_mo ...
+ ~~~~~~~~~~~~~~~~~~~~~~~~~~~~~~~~~~~~~~~~~~~~~~~~~~~~~~~~~~~~~~~~~~~~~
    + CategoryInfo          : NotSpecified: (npm warn Unknow...config options.:String) [], RemoteException
    + FullyQualifiedErrorId : NativeCommandError
 

> vscode-sailpoint-identitynow@1.3.30 test-compile
> tsc -p ./

src/parser/roleMembershipSelectorToStringConverter.ts(4,114): error TS2724: '"../sailpointCompat"' has no exported member named 'RoleCriteriaOperationV2025'. Did you mean 'RoleCriteriaOperation'?
